
> starter_helpi@0.1.0 test
> react-scripts test --coverage

  console.error
    Warning: validateDOMNesting(...): <body> cannot appear as a child of <div>.
        at body
        at div
        at div
        at HomePage (/home/runner/work/starter_helpi/starter_helpi/src/homePage.tsx:6:28)
        at div
        at App (/home/runner/work/starter_helpi/starter_helpi/src/App.tsx:17:33)

      4 |
      5 | test('renders learn react link', () => {
    > 6 |   render(<App />);
        |         ^
      7 |   const linkElement = screen.getByText(/learn react/i);
      8 |   expect(linkElement).toBeInTheDocument();
      9 | });

      at printWarning (node_modules/react-dom/cjs/react-dom.development.js:86:30)
      at error (node_modules/react-dom/cjs/react-dom.development.js:60:7)
      at validateDOMNesting (node_modules/react-dom/cjs/react-dom.development.js:10847:7)
      at createInstance (node_modules/react-dom/cjs/react-dom.development.js:10930:5)
      at completeWork (node_modules/react-dom/cjs/react-dom.development.js:22187:28)
      at completeUnitOfWork (node_modules/react-dom/cjs/react-dom.development.js:26593:16)
      at performUnitOfWork (node_modules/react-dom/cjs/react-dom.development.js:26568:5)
      at workLoopSync (node_modules/react-dom/cjs/react-dom.development.js:26466:5)
      at renderRootSync (node_modules/react-dom/cjs/react-dom.development.js:26434:7)
      at performConcurrentWorkOnRoot (node_modules/react-dom/cjs/react-dom.development.js:25738:74)
      at flushActQueue (node_modules/react/cjs/react.development.js:2667:24)
      at act (node_modules/react/cjs/react.development.js:2582:11)
      at node_modules/@testing-library/react/dist/act-compat.js:63:25
      at renderRoot (node_modules/@testing-library/react/dist/pure.js:159:26)
      at render (node_modules/@testing-library/react/dist/pure.js:246:10)
      at Object.<anonymous> (src/App.test.tsx:6:9)
      at TestScheduler.scheduleTests (node_modules/@jest/core/build/TestScheduler.js:333:13)
      at runJest (node_modules/@jest/core/build/runJest.js:404:19)
      at _run10000 (node_modules/@jest/core/build/cli/index.js:320:7)
      at runCLI (node_modules/@jest/core/build/cli/index.js:173:3)

FAIL src/App.test.tsx
  ✕ renders learn react link (97 ms)

  ● renders learn react link

    TestingLibraryElementError: Unable to find an element with the text: /learn react/i. This could be because the text is broken up by multiple elements. In this case, you can provide a function for your text matcher to make your matcher more flexible.

    Ignored nodes: comments, script, style
    [36m<body>[39m
      [36m<div>[39m
        [36m<div[39m
          [33mclass[39m=[32m"App"[39m
        [36m>[39m
          [36m<div>[39m
            [36m<title>[39m
              [0m header of page [0m
            [36m</title>[39m
            [36m<div>[39m
              [36m<header>[39m
                [36m<div[39m
                  [33mstyle[39m=[32m"border: 3px; font-size: 16px; padding: 8px; color: rgb(255, 99, 71); background-color: white;"[39m
                [36m>[39m
                  [36m<div[39m
                    [33mclass[39m=[32m"right"[39m
                  [36m>[39m
                    [0m [0m
                    [36m<p>[39m
                      [0mHome | Account | LogOut | Results[0m
                    [36m</p>[39m
                    [0m [0m
                  [36m</div>[39m
                  [36m<p>[39m
                    [0m Quiz Home Page[0m
                  [36m</p>[39m
                [36m</div>[39m
              [36m</header>[39m
              [36m<body[39m
                [33mstyle[39m=[32m"border: 3px white; padding: 4px; color: rgb(68, 80, 106); background-color: rgb(174, 188, 218); justify-content: right;"[39m
              [36m>[39m
                [36m<div>[39m
                  [36m<div[39m
                    [33mclass[39m=[32m"container"[39m
                  [36m>[39m
                    [36m<div[39m
                      [33mclass[39m=[32m"row"[39m
                    [36m>[39m
                      [36m<div[39m
                        [33mclass[39m=[32m" box2 col"[39m
                      [36m>[39m
                        [0mmeow12[0m
                      [36m</div>[39m
                      [36m<div[39m
                        [33mclass[39m=[32m"col"[39m
                      [36m>[39m
                        [36m<div[39m
                          [33mclass[39m=[32m"row"[39m
                          [33mstyle[39m=[32m"display: flex; justify-content: right;"[39m
                        [36m>[39m
                          [36m<div[39m
                            [33mclass[39m=[32m"  red box col"[39m
                          [36m>[39m
                            [36m<button[39m
                              [33mclass[39m=[32m"btn btn-primary"[39m
                              [33mtype[39m=[32m"button"[39m
                            [36m>[39m
                              [0mBasic Questions[0m
                            [36m</button>[39m
                          [36m</div>[39m
                          [36m<div[39m
                            [33mclass[39m=[32m"  green box col"[39m
                          [36m>[39m
                            [0mTake the basic career assessment to discover a career path personally picked for you! The assessment works with advanced artificial intelligence to analyze your personality traits, interests, and values to provide personalized recommendations specifically for the user. The basic quiz consists of 10 shorter questions to provide a quick and easy experience to determine your results.[0m
                          [36m</div>[39m
                        [36m</div>[39m
                        [36m<div[39m
                          [33mclass[39m=[32m"row"[39m
                          [33mstyle[39m=[32m"display: flex; justify-content: right;"[39m
                        [36m>[39m
                          [36m<div[39m
                            [33mclass[39m=[32m"  pink box col"[39m
                          [36m>[39m
                            [36m<button[39m
                              [33mclass[39m=[32m"btn btn-primary"[39m
                              [33mtype[39m=[32m"button"[39m
                            [36m>[39m
                              [0mDetailed Questions[0m
                            [36m</button>[39m
                          [36m</div>[39m
                          [36m<div[39m
                            [33mclass[39m=[32m"  orange box col"[39m
                          [36m>[39m
                            [0mTake the detailed career assessment to discover a career path personally picked for you! The assessment works with advanced artificial intelligence to analyze your personality traits, interests, and values to provide personalized recommendations specifically for the user. The detailed quiz consists of 10 longer and more detailed questions to provide the more accurate results.[0m
                          [36m</div>[39m
                        [36m</div>[39m
                      [36m</div>[39m
                    [36m</div>[39m
                  [36m</div>[39m
                [36m</div>[39m
              [36m</body>[39m
            [36m</div>[39m
          [36m</div>[39m
          [36m<form[39m
            [33mclass[39m=[32m""[39m
          [36m>[39m
            [36m<label[39m
              [33mclass[39m=[32m"form-label"[39m
            [36m>[39m
              [0mAPI Key:[0m
            [36m</label>[39m
            [36m<input[39m
              [33mclass[39m=[32m"form-control"[39m
              [33mplaceholder[39m=[32m"Insert API Key Here"[39m
              [33mtype[39m=[32m"password"[39m
            [36m/>[39m
            [36m<br />[39m
            [36m<button[39m
              [33mclass[39m=[32m"Submit-Button btn btn-primary"[39m
              [33mtype[39m=[32m"button"[39m
            [36m>[39m
              [0mSubmit[0m
            [36m</button>[39m
          [36m</form>[39m
        [36m</div>[39m
      [36m</div>[39m
    [36m</body>[39m

       5 | test('renders learn react link', () => {
       6 |   render(<App />);
    >  7 |   const linkElement = screen.getByText(/learn react/i);
         |                              ^
       8 |   expect(linkElement).toBeInTheDocument();
       9 | });
      10 |

      at Object.getElementError (node_modules/@testing-library/react/node_modules/@testing-library/dom/dist/config.js:37:19)
      at node_modules/@testing-library/react/node_modules/@testing-library/dom/dist/query-helpers.js:76:38
      at node_modules/@testing-library/react/node_modules/@testing-library/dom/dist/query-helpers.js:52:17
      at getByText (node_modules/@testing-library/react/node_modules/@testing-library/dom/dist/query-helpers.js:95:19)
      at Object.<anonymous> (src/App.test.tsx:7:30)
      at TestScheduler.scheduleTests (node_modules/@jest/core/build/TestScheduler.js:333:13)
      at runJest (node_modules/@jest/core/build/runJest.js:404:19)
      at _run10000 (node_modules/@jest/core/build/cli/index.js:320:7)
      at runCLI (node_modules/@jest/core/build/cli/index.js:173:3)

------------------------|---------|----------|---------|---------|-------------------
File                    | % Stmts | % Branch | % Funcs | % Lines | Uncovered Line #s 
------------------------|---------|----------|---------|---------|-------------------
All files               |   11.92 |     11.9 |    6.52 |    13.4 |                   
 src                    |   11.34 |    13.88 |    4.76 |   12.94 |                   
  App.tsx               |   63.63 |     62.5 |   33.33 |   63.63 | 13,22-28          
  BasicQuestions.tsx    |   18.18 |        0 |       0 |   22.22 | 28-55             
  DetailedQuestions.tsx |    1.58 |        0 |       0 |    1.88 | 13-202            
  homePage.tsx          |     100 |      100 |     100 |     100 |                   
  index.tsx             |       0 |      100 |     100 |       0 | 8-20              
  reportWebVitals.ts    |       0 |        0 |       0 |       0 | 3-10              
 src/components         |   16.66 |        0 |      25 |   16.66 |                   
  Header.tsx            |       0 |      100 |       0 |       0 | 5                 
  ProgressBar.tsx       |       0 |        0 |       0 |       0 | 9-21              
  SwitchPage.tsx        |   66.66 |      100 |      50 |   66.66 | 8                 
 src/interfaces         |       0 |        0 |       0 |       0 |                   
  SwitchPages.ts        |       0 |        0 |       0 |       0 |                   
------------------------|---------|----------|---------|---------|-------------------
Test Suites: 1 failed, 1 total
Tests:       1 failed, 1 total
Snapshots:   0 total
Time:        3.481 s
Ran all test suites.
[0;33mOne of your dependencies, babel-preset-react-app, is importing the
"@babel/plugin-proposal-private-property-in-object" package without
declaring it in its dependencies. This is currently working because
"@babel/plugin-proposal-private-property-in-object" is already in your
node_modules folder for unrelated reasons, but it [1mmay break at any time[0;33m.

babel-preset-react-app is part of the create-react-app project, [1mwhich
is not maintianed anymore[0;33m. It is thus unlikely that this bug will
ever be fixed. Add "@babel/plugin-proposal-private-property-in-object" to
your devDependencies to work around this error. This will make this message
go away.[0m
  
